// Jest Snapshot v1, https://goo.gl/fbAQLP

exports[`button disabled feature renders correctly 1`] = `
<button
  class="co-btn"
  disabled=""
>
  <span>
    Disabled
  </span>
</button>
`;
