// Jest Snapshot v1, https://goo.gl/fbAQLP

exports[`switch loading feature renders correctly 1`] = `
<label
  class="co-switch"
>
  <input
    type="checkbox"
  />
  <span
    class="co-switch-element"
  >
    <span
      class="co-switch-dot"
    />
  </span>
</label>
`;
